// Jest Snapshot v1, https://goo.gl/fbAQLP

exports[`stylelint-config with an invalid file and auto-fix enabled matches the auto-fixed snapshot 1`] = `
"@import url(\\"x.css\\");
@import url(\\"y.css\\");

/**
 * Multi-line comment
 */

:root {
  --brand-red: hsl(5deg 10% 40%);
}

.selector-1,
.selector-2,
.selector-3[type=\\"text\\"] {
  background: linear-gradient(#fff, rgb(0 0 0 / 80%));
  box-sizing: border-box;
  display: block;
  color: var(--brand-red);
}

.selector-a,
.selector-b:not(:first-child) {
  padding: 10px !important;
  top: calc(100% - 2rem);
}

.selector-x {
  width: 10%;
}

.selector-y {
  width: 20%;
}

.selector-z {
  width: 30%;
}

/* Single-line comment */

@media (width >= 60em) {
  .selector {
    /* Flush to parent comment */
    transform: translate(1, 1) scale(3);
  }
}

@media (orientation: portrait), projection and (color) {
  .selector-i + .selector-ii {
    background: hsl(20deg 25% 33%);
    font-family: Helvetica, \\"Arial Black\\", sans-serif;
  }
}

/* Flush single line comment */
@media screen and (min-resolution: 192dpi), screen and (min-resolution: 2dppx) {
  .selector {
    animation: 3s none fade-in;
    background-image: repeating-linear-gradient(
      -45deg,
      transparent,
      #fff 25px,
      rgb(255 255 255 / 100%) 50px
    );
    margin: 10px;
    margin-bottom: 5px;
    box-shadow: 0 1px 1px #000, 0 1px 0 #fff, 2px 2px 1px 1px #ccc inset;
    height: 10rem;
  }

  /* Flush nested single line comment */
  .selector::after {
    content: \\"â†’\\";
    background-image: url(\\"x.svg\\");
  }
}

@keyframes fade-in {
  from {
    opacity: 0;
  }

  to {
    opacity: 1;
  }
}
"
`;
